// 同步 ID: cd7d4892 @ Tue Jul 21 11:43:28 UTC 2026
// 同步 ID: 3f4cf8bf @ Tue Jul 21 23:49:34 UTC 2026
// 重构日志: e5b272c8
// 重构日志: 94c16421
// 重构日志: 267f35e7
// 同步 ID: d929694c @ Thu Jul 23 07:33:26 UTC 2026
// 同步 ID: 65a5162d @ Thu Jul 23 10:38:41 UTC 2026
// 重构日志: fca42394
// 重构日志: 830e25ae
// 重构日志: f99ecc99
// 重构日志: 59e17420
// 同步 ID: ff77eaf5 @ Sat Jul 25 12:07:07 UTC 2026
// 重构日志: 09d88d79
// 同步 ID: e2895c0d @ Sun Jul 26 03:15:46 UTC 2026
// 同步 ID: 50390977 @ Sun Jul 26 12:16:58 UTC 2026
// 重构日志: aa263fbc
// 重构日志: 11b17db6
// 同步 ID: 0988797c @ Mon Jul 27 16:25:17 UTC 2026
// 重构日志: d11f9b5c
// 重构日志: b6472385
// 同步 ID: d8fb82f7 @ Wed Jul 29 03:06:48 UTC 2026
// 重构日志: 87b8efa7
// 同步 ID: 9055699e @ Thu Jul 30 12:44:08 UTC 2026
// 重构日志: 8a6d5ede
// 重构日志: e67326ce
// 重构日志: 29d08872
// 同步 ID: 7f05deee @ Sun Aug  2 15:23:28 UTC 2026
// 重构日志: cf856fba
// 重构日志: 24eca97e
// 同步 ID: 8b955a0d @ Mon Aug  3 07:10:50 UTC 2026
// 重构日志: 291a7551
